UMAR proxy is set!ICE already listed in the source table.
table: 0 new row(s)
category: 0 new row(s)
category_table: 0 new row(s)
table_dimensions: 0 new row(s)
dimension_levels: 1 new row(s)
unit: 0 new row(s)
series: 1 new row(s)
series_levels: 1 new row(s)
GASOIL_RAW: no new data
Calculating hashes for new vintages...
No empty vintages found.
Processed 69/69 vintages
All vintage hashes updated successfully
Processing single table ID 578...
Processing table 1/1: ID 578, keep_vintage = TRUE
Table ID 578: Transaction rolled back due to error
Error processing table ID 578: no applicable method for 'mutate' applied to an object of class "NULL"
Table ID 578: Deleted 0 older vintages and 0 redundant vintages
Cleanup completed: Processed 0 tables
Deleted 0 vintages from tables with keep_vintage = FALSE
Deleted 0 redundant vintages from tables with keep_vintage = TRUE
table: 0 new row(s)
category_table: 0 new row(s)
table_dimensions: 0 new row(s)
dimension_levels: 0 new row(s)
series: 0 new row(s)
series_levels: 0 new row(s)
GASOIL_POS: no new data
Calculating hashes for new vintages...
No empty vintages found.
Processed 69/69 vintages
All vintage hashes updated successfully
Processing single table ID 581...
Processing table 1/1: ID 581, keep_vintage = TRUE
Table ID 581: Transaction committed successfully
Table ID 581: Deleted 0 older vintages and 0 redundant vintages
Cleanup completed: Processed 1 tables
Deleted 0 vintages from tables with keep_vintage = FALSE
Deleted 0 redundant vintages from tables with keep_vintage = TRUE
Cleanup completed successfully. Removing progress file.
Run OK, latest data: 2026-10-02 
